C:\Python314\python.exe: No module named pytest
PYTEST_EXIT=1
